[fotobot-1oop.b12sites.com/index.html]
[backblue.gif]
[fade.gif]
[index.html]
[code.jquery.com/jquery-3.3.1.min.js]
[fotobot-1oop.b12sites.com/assets/fonts/muli-vietnamese-normal-400.woff2]
[fotobot-1oop.b12sites.com/assets/fonts/muli-latin-ext-normal-400.woff2]
[fotobot-1oop.b12sites.com/assets/fonts/muli-latin-normal-400.woff2]
[fotobot-1oop.b12sites.com/assets/fonts/muli-vietnamese-normal-500.woff2]
[fotobot-1oop.b12sites.com/assets/fonts/muli-latin-ext-normal-500.woff2]
[fotobot-1oop.b12sites.com/assets/fonts/muli-latin-normal-500.woff2]
[fotobot-1oop.b12sites.com/assets/fonts/muli-vietnamese-normal-600.woff2]
[fotobot-1oop.b12sites.com/assets/fonts/muli-latin-ext-normal-600.woff2]
[fotobot-1oop.b12sites.com/assets/fonts/muli-latin-normal-600.woff2]
[fotobot-1oop.b12sites.com/assets/fonts/muli-vietnamese-normal-700.woff2]
[fotobot-1oop.b12sites.com/assets/fonts/muli-latin-ext-normal-700.woff2]
[fotobot-1oop.b12sites.com/assets/fonts/muli-latin-normal-700.woff2]
[fotobot-1oop.b12sites.com/assets/fonts/fontawesome-webfont-674f50d287a8c48dc19ba404d20fe713.eot]
[fotobot-1oop.b12sites.com/assets/fonts/fontawesome-webfont-674f50d287a8c48dc19ba404d20fe713d41d.eot]
[fotobot-1oop.b12sites.com/assets/fonts/fontawesome-webfont-fee66e712a8a08eef5805a46892932ad.1f.delayed]
[fotobot-1oop.b12sites.com/assets/fonts/fontawesome-webfont-fee66e712a8a08eef5805a46892932ad.woff]
[fotobot-1oop.b12sites.com/assets/fonts/fontawesome-webfont-b06871f281fee6b241d60582ae9369b9.ttf]
[fotobot-1oop.b12sites.com/assets/fonts/fontawesome-webfont-912ec66d7572ff821749319396470bde.svg]
[fotobot-1oop.b12sites.com/assets/fonts/ajax-loader-c5cd7f5300576ab4c88202b42f6ded62.gif]
[fotobot-1oop.b12sites.com/assets/fonts/slick-ced611daf7709cc778da928fec876475.eot]
[fotobot-1oop.b12sites.com/assets/fonts/slick-ced611daf7709cc778da928fec876475d41d.eot]
[fotobot-1oop.b12sites.com/assets/fonts/slick-b7c9e1e479de3b53f1e4e30ebac2403a.woff]
[fotobot-1oop.b12sites.com/assets/fonts/slick-d41f55a78e6f49a5512878df1737e58a.ttf]
[fotobot-1oop.b12sites.com/assets/fonts/slick-f97e3bbf73254b0112091d0192f17aec.svg]
[fotobot-1oop.b12sites.com/window.33.delayed]
[cdn.b12.io/client_media/DiuJ2xDm/88ca91d0-6ae4-11ef-b5f5-0242ac110002-jpg-hero_image.jpg]
[fotobot-1oop.b12sites.com/image-recognition.html]
[cdn.b12.io/client_media/DiuJ2xDm/89ede5e4-6ae4-11ef-8357-0242ac110002-jpg-regular_image.jpg]
[fotobot-1oop.b12sites.com/text-extraction.html]
[cdn.b12.io/client_media/DiuJ2xDm/89d8da1e-6ae4-11ef-8357-0242ac110002-jpg-regular_image.jpg]
[fotobot-1oop.b12sites.com/scene-analysis.html]
[cdn.b12.io/client_media/DiuJ2xDm/8a1ec060-6ae4-11ef-8357-0242ac110002-jpg-regular_image.jpg]
[fotobot-1oop.b12sites.com/assets/bundle-26df06bbde665912c7803cd668f15047.js]
[fotobot-1oop.b12sites.com/scheduling.html]
[fotobot-1oop.b12sites.com/intake-form.html]
[cdn.b12.io/prod_traffic/global.js]
[www.google.com/recaptcha/apifb47.js]
[fotobot-1oop.b12sites.com/index.html]
[fotobot-1oop.b12sites.com/assets/fonts/fontawesome-webfont-fee66e712a8a08eef5805a46892932ad.html]
[fotobot-1oop.b12sites.com/assets/fonts/fontawesome-webfont-912ec66d7572ff821749319396470bde.svg]
[fotobot-1oop.b12sites.com/assets/fonts/slick-f97e3bbf73254b0112091d0192f17aec.svg]
[fotobot-1oop.b12sites.com/index-2.html]
[fotobot-1oop.b12sites.com/window.html]
[cdn.b12.io/client_media/DiuJ2xDm/8944e5a2-6ae4-11ef-8357-0242ac110002-jpg-hero_image.jpg]
[fotobot-1oop.b12sites.com/image-recognition.html]
[cdn.b12.io/client_media/DiuJ2xDm/89854e1c-6ae4-11ef-8357-0242ac110002-jpg-hero_image.jpg]
[fotobot-1oop.b12sites.com/text-extraction.html]
[cdn.b12.io/client_media/DiuJ2xDm/89bf6cd2-6ae4-11ef-8357-0242ac110002-jpg-hero_image.jpg]
[fotobot-1oop.b12sites.com/scene-analysis.html]
[fotobot-1oop.b12sites.com/scheduling.html]
[fotobot-1oop.b12sites.com/intake-form.html]
